test_ad_task_uses_real_preflight_tools_and_stream_adapter (test_hosting.PipelineIntegrationTests.test_ad_task_uses_real_preflight_tools_and_stream_adapter) ... Executing <Task pending name='Task-2' coro=<PipelineIntegrationTests.test_ad_task_uses_real_preflight_tools_and_stream_adapter() running at /Users/admin/MiniAdsWall/tests/test_hosting.py:187> wait_for=<Future pending cb=[Task.task_wakeup()] created at /Users/admin/.local/share/uv/python/cpython-3.11.15-macos-aarch64-none/lib/python3.11/asyncio/base_events.py:428> cb=[_run_until_complete_cb() at /Users/admin/.local/share/uv/python/cpython-3.11.15-macos-aarch64-none/lib/python3.11/asyncio/base_events.py:181] created at /Users/admin/.local/share/uv/python/cpython-3.11.15-macos-aarch64-none/lib/python3.11/asyncio/runners.py:100> took 0.110 seconds
ok
/Users/admin/.local/share/uv/python/cpython-3.11.15-macos-aarch64-none/lib/python3.11/tempfile.py:934: ResourceWarning: Implicitly cleaning up <TemporaryDirectory '/var/folders/yb/qd2mvkfj4q1_60f7f_f30v_r0000gn/T/agent-repo-d008pxb8'>
  _warnings.warn(warn_message, ResourceWarning)
test_native_delta_and_truncated_rejection (test_hosting.ProviderStreamTests.test_native_delta_and_truncated_rejection) ... ok
test_approval_is_bound_and_single_use (test_hosting.RepositoryTests.test_approval_is_bound_and_single_use) ... ok
/Users/admin/.local/share/uv/python/cpython-3.11.15-macos-aarch64-none/lib/python3.11/tempfile.py:934: ResourceWarning: Implicitly cleaning up <TemporaryDirectory '/var/folders/yb/qd2mvkfj4q1_60f7f_f30v_r0000gn/T/agent-repo-oz6bas6m'>
  _warnings.warn(warn_message, ResourceWarning)
test_cancel_wins_over_success_and_releases_session (test_hosting.RepositoryTests.test_cancel_wins_over_success_and_releases_session) ... ok
/Users/admin/.local/share/uv/python/cpython-3.11.15-macos-aarch64-none/lib/python3.11/tempfile.py:934: ResourceWarning: Implicitly cleaning up <TemporaryDirectory '/var/folders/yb/qd2mvkfj4q1_60f7f_f30v_r0000gn/T/agent-repo-zlacfyuc'>
  _warnings.warn(warn_message, ResourceWarning)
test_event_replay_and_expiration (test_hosting.RepositoryTests.test_event_replay_and_expiration) ... ok
/Users/admin/.local/share/uv/python/cpython-3.11.15-macos-aarch64-none/lib/python3.11/tempfile.py:934: ResourceWarning: Implicitly cleaning up <TemporaryDirectory '/var/folders/yb/qd2mvkfj4q1_60f7f_f30v_r0000gn/T/agent-repo-jtev_fb8'>
  _warnings.warn(warn_message, ResourceWarning)
test_history_keyset_with_tool_records_and_signed_cursor (test_hosting.RepositoryTests.test_history_keyset_with_tool_records_and_signed_cursor) ... ok
/Users/admin/.local/share/uv/python/cpython-3.11.15-macos-aarch64-none/lib/python3.11/tempfile.py:934: ResourceWarning: Implicitly cleaning up <TemporaryDirectory '/var/folders/yb/qd2mvkfj4q1_60f7f_f30v_r0000gn/T/agent-repo-5obhf3b_'>
  _warnings.warn(warn_message, ResourceWarning)
test_idempotency_and_request_mismatch (test_hosting.RepositoryTests.test_idempotency_and_request_mismatch) ... ok
/Users/admin/.local/share/uv/python/cpython-3.11.15-macos-aarch64-none/lib/python3.11/tempfile.py:934: ResourceWarning: Implicitly cleaning up <TemporaryDirectory '/var/folders/yb/qd2mvkfj4q1_60f7f_f30v_r0000gn/T/agent-repo-6r_btmc7'>
  _warnings.warn(warn_message, ResourceWarning)
test_large_message_is_bounded_and_referenced (test_hosting.RepositoryTests.test_large_message_is_bounded_and_referenced) ... ok
/Users/admin/.local/share/uv/python/cpython-3.11.15-macos-aarch64-none/lib/python3.11/tempfile.py:934: ResourceWarning: Implicitly cleaning up <TemporaryDirectory '/var/folders/yb/qd2mvkfj4q1_60f7f_f30v_r0000gn/T/agent-repo-ii39wfbe'>
  _warnings.warn(warn_message, ResourceWarning)
test_object_key_traversal_rejected (test_hosting.RepositoryTests.test_object_key_traversal_rejected) ... ok
/Users/admin/.local/share/uv/python/cpython-3.11.15-macos-aarch64-none/lib/python3.11/tempfile.py:934: ResourceWarning: Implicitly cleaning up <TemporaryDirectory '/var/folders/yb/qd2mvkfj4q1_60f7f_f30v_r0000gn/T/agent-repo-2kkk0cxm'>
  _warnings.warn(warn_message, ResourceWarning)
test_other_user_cannot_read_cancel_or_page (test_hosting.RepositoryTests.test_other_user_cannot_read_cancel_or_page) ... ok
/Users/admin/.local/share/uv/python/cpython-3.11.15-macos-aarch64-none/lib/python3.11/tempfile.py:934: ResourceWarning: Implicitly cleaning up <TemporaryDirectory '/var/folders/yb/qd2mvkfj4q1_60f7f_f30v_r0000gn/T/agent-repo-5x1gk4la'>
  _warnings.warn(warn_message, ResourceWarning)
test_pending_state_survives_adapter_restart (test_hosting.RepositoryTests.test_pending_state_survives_adapter_restart) ... ok
/Users/admin/.local/share/uv/python/cpython-3.11.15-macos-aarch64-none/lib/python3.11/tempfile.py:934: ResourceWarning: Implicitly cleaning up <TemporaryDirectory '/var/folders/yb/qd2mvkfj4q1_60f7f_f30v_r0000gn/T/agent-repo-y8tr8rxi'>
  _warnings.warn(warn_message, ResourceWarning)
test_queue_limit (test_hosting.RepositoryTests.test_queue_limit) ... ok
/Users/admin/.local/share/uv/python/cpython-3.11.15-macos-aarch64-none/lib/python3.11/tempfile.py:934: ResourceWarning: Implicitly cleaning up <TemporaryDirectory '/var/folders/yb/qd2mvkfj4q1_60f7f_f30v_r0000gn/T/agent-repo-bpvl94ix'>
  _warnings.warn(warn_message, ResourceWarning)
test_resume_keeps_old_run_and_checkpoint (test_hosting.RepositoryTests.test_resume_keeps_old_run_and_checkpoint) ... ok
/Users/admin/.local/share/uv/python/cpython-3.11.15-macos-aarch64-none/lib/python3.11/tempfile.py:934: ResourceWarning: Implicitly cleaning up <TemporaryDirectory '/var/folders/yb/qd2mvkfj4q1_60f7f_f30v_r0000gn/T/agent-repo-3s6xul_5'>
  _warnings.warn(warn_message, ResourceWarning)
test_same_session_is_exclusive (test_hosting.RepositoryTests.test_same_session_is_exclusive) ... ok
/Users/admin/.local/share/uv/python/cpython-3.11.15-macos-aarch64-none/lib/python3.11/tempfile.py:934: ResourceWarning: Implicitly cleaning up <TemporaryDirectory '/var/folders/yb/qd2mvkfj4q1_60f7f_f30v_r0000gn/T/agent-repo-vsjscho2'>
  _warnings.warn(warn_message, ResourceWarning)
test_stale_worker_cannot_write (test_hosting.RepositoryTests.test_stale_worker_cannot_write) ... ok
/Users/admin/.local/share/uv/python/cpython-3.11.15-macos-aarch64-none/lib/python3.11/tempfile.py:934: ResourceWarning: Implicitly cleaning up <TemporaryDirectory '/var/folders/yb/qd2mvkfj4q1_60f7f_f30v_r0000gn/T/agent-repo-sra9q369'>
  _warnings.warn(warn_message, ResourceWarning)
test_terminal_is_immutable (test_hosting.RepositoryTests.test_terminal_is_immutable) ... ok
/Users/admin/.local/share/uv/python/cpython-3.11.15-macos-aarch64-none/lib/python3.11/tempfile.py:934: ResourceWarning: Implicitly cleaning up <TemporaryDirectory '/var/folders/yb/qd2mvkfj4q1_60f7f_f30v_r0000gn/T/agent-repo-xw90hnen'>
  _warnings.warn(warn_message, ResourceWarning)
test_user_concurrency_is_global (test_hosting.RepositoryTests.test_user_concurrency_is_global) ... ok
/Users/admin/.local/share/uv/python/cpython-3.11.15-macos-aarch64-none/lib/python3.11/tempfile.py:934: ResourceWarning: Implicitly cleaning up <TemporaryDirectory '/var/folders/yb/qd2mvkfj4q1_60f7f_f30v_r0000gn/T/agent-repo-jhm1hdn_'>
  _warnings.warn(warn_message, ResourceWarning)
test_cancel_stops_inflight_work (test_hosting.WorkerTests.test_cancel_stops_inflight_work) ... ok
/Users/admin/.local/share/uv/python/cpython-3.11.15-macos-aarch64-none/lib/python3.11/tempfile.py:934: ResourceWarning: Implicitly cleaning up <TemporaryDirectory '/var/folders/yb/qd2mvkfj4q1_60f7f_f30v_r0000gn/T/agent-repo-x4vx13is'>
  _warnings.warn(warn_message, ResourceWarning)
test_cleanup_failure_holds_capacity (test_hosting.WorkerTests.test_cleanup_failure_holds_capacity) ... run=3409125803978623008 cleanup/persistence incomplete; recovery will retry
Traceback (most recent call last):
  File "/Users/admin/MiniAdsWall/hosting/worker.py", line 101, in execute
    if self.sandbox: await self.sandbox.cleanup(r['id'])
                     ^^^^^^^^^^^^^^^^^^^^^^^^^^^^^^^^^^^
  File "/Users/admin/MiniAdsWall/tests/test_hosting.py", line 149, in cleanup
    async def cleanup(self,rid): raise RuntimeError('cannot confirm death')
                                 ^^^^^^^^^^^^^^^^^^^^^^^^^^^^^^^^^^^^^^^^^^
RuntimeError: cannot confirm death
ok
test_failed_pipeline_cannot_report_success (test_hosting.WorkerTests.test_failed_pipeline_cannot_report_success) ... /Users/admin/.local/share/uv/python/cpython-3.11.15-macos-aarch64-none/lib/python3.11/tempfile.py:934: ResourceWarning: Implicitly cleaning up <TemporaryDirectory '/var/folders/yb/qd2mvkfj4q1_60f7f_f30v_r0000gn/T/agent-repo-ogmnpybp'>
  _warnings.warn(warn_message, ResourceWarning)
run=4373092711101220898 failed: ValueError
ok
test_run_timeout_stops_work (test_hosting.WorkerTests.test_run_timeout_stops_work) ... /Users/admin/.local/share/uv/python/cpython-3.11.15-macos-aarch64-none/lib/python3.11/tempfile.py:934: ResourceWarning: Implicitly cleaning up <TemporaryDirectory '/var/folders/yb/qd2mvkfj4q1_60f7f_f30v_r0000gn/T/agent-repo-x0_qyr32'>
  _warnings.warn(warn_message, ResourceWarning)
ok
test_stream_visible_before_completion (test_hosting.WorkerTests.test_stream_visible_before_completion) ... ok
/Users/admin/.local/share/uv/python/cpython-3.11.15-macos-aarch64-none/lib/python3.11/tempfile.py:934: ResourceWarning: Implicitly cleaning up <TemporaryDirectory '/var/folders/yb/qd2mvkfj4q1_60f7f_f30v_r0000gn/T/agent-repo-itjvsmhb'>
  _warnings.warn(warn_message, ResourceWarning)
test_tool_timeout_records_failure (test_hosting.WorkerTests.test_tool_timeout_records_failure) ... /Users/admin/.local/share/uv/python/cpython-3.11.15-macos-aarch64-none/lib/python3.11/tempfile.py:934: ResourceWarning: Implicitly cleaning up <TemporaryDirectory '/var/folders/yb/qd2mvkfj4q1_60f7f_f30v_r0000gn/T/agent-repo-irufnebh'>
  _warnings.warn(warn_message, ResourceWarning)
ok
test_server_snapshot_change_does_not_duplicate_a_retry (test_hosting.WorkspaceTests.test_server_snapshot_change_does_not_duplicate_a_retry) ... ok
/Users/admin/.local/share/uv/python/cpython-3.11.15-macos-aarch64-none/lib/python3.11/tempfile.py:934: ResourceWarning: Implicitly cleaning up <TemporaryDirectory '/var/folders/yb/qd2mvkfj4q1_60f7f_f30v_r0000gn/T/agent-repo-sj1dcrc0'>
  _warnings.warn(warn_message, ResourceWarning)
test_snapshot_input_and_version_conflict (test_hosting.WorkspaceTests.test_snapshot_input_and_version_conflict) ... /Users/admin/.local/share/uv/python/cpython-3.11.15-macos-aarch64-none/lib/python3.11/tempfile.py:934: ResourceWarning: Implicitly cleaning up <TemporaryDirectory '/var/folders/yb/qd2mvkfj4q1_60f7f_f30v_r0000gn/T/agent-repo-iubn0oov'>
  _warnings.warn(warn_message, ResourceWarning)
ok
/Users/admin/.local/share/uv/python/cpython-3.11.15-macos-aarch64-none/lib/python3.11/tempfile.py:934: ResourceWarning: Implicitly cleaning up <TemporaryDirectory '/var/folders/yb/qd2mvkfj4q1_60f7f_f30v_r0000gn/T/agent-repo-yqgi7_13'>
  _warnings.warn(warn_message, ResourceWarning)
test_snapshot_path_traversal (test_hosting.WorkspaceTests.test_snapshot_path_traversal) ... ok
/Users/admin/.local/share/uv/python/cpython-3.11.15-macos-aarch64-none/lib/python3.11/tempfile.py:934: ResourceWarning: Implicitly cleaning up <TemporaryDirectory '/var/folders/yb/qd2mvkfj4q1_60f7f_f30v_r0000gn/T/agent-repo-7fwnv_77'>
  _warnings.warn(warn_message, ResourceWarning)
test_auth_and_logout (test_hosting_api.HostingAPITests.test_auth_and_logout) ... ok
test_create_cancel_history_and_sse_replay (test_hosting_api.HostingAPITests.test_create_cancel_history_and_sse_replay) ... ok
test_foreign_principal_and_disabled_account (test_hosting_api.HostingAPITests.test_foreign_principal_and_disabled_account) ... ok
test_rate_limit_and_sse_slots (test_hosting_api.HostingAPITests.test_rate_limit_and_sse_slots) ... ok
test_redis_loss_does_not_erase_history (test_hosting_api.HostingAPITests.test_redis_loss_does_not_erase_history) ... /Users/admin/.local/share/uv/python/cpython-3.11.15-macos-aarch64-none/lib/python3.11/tempfile.py:934: ResourceWarning: Implicitly cleaning up <TemporaryDirectory '/var/folders/yb/qd2mvkfj4q1_60f7f_f30v_r0000gn/T/agent-repo-lk4z8uth'>
  _warnings.warn(warn_message, ResourceWarning)
ok
test_grandchild_timeout_and_cleanup (test_hosting_docker.DockerIsolationTests.test_grandchild_timeout_and_cleanup) ... skipped 'requires Docker and miniadswall-sandbox:1 image'
test_large_output_is_truncated_and_drained (test_hosting_docker.DockerIsolationTests.test_large_output_is_truncated_and_drained) ... skipped 'requires Docker and miniadswall-sandbox:1 image'
test_memory_limit_is_reported (test_hosting_docker.DockerIsolationTests.test_memory_limit_is_reported) ... skipped 'requires Docker and miniadswall-sandbox:1 image'
test_readonly_root_and_no_network (test_hosting_docker.DockerIsolationTests.test_readonly_root_and_no_network) ... skipped 'requires Docker and miniadswall-sandbox:1 image'
test_threads_cannot_overclaim (test_hosting_mysql.MySQLConcurrencyTests.test_threads_cannot_overclaim) ... skipped 'requires dedicated MySQL integration database'

----------------------------------------------------------------------
Ran 36 tests in 3.710s

OK (skipped=5)
